---
source: tests/lua_suite.rs
assertion_line: 31
expression: bytecode
---
Bytecode {
    root: Proto {
        num_params: 0,
        is_vararg: false,
        num_upvalues: 0,
        max_stack_size: 30,
        bytecode: [
            KStr(0, 0),
            GGet(1, 1),
            IsEqV(1, 0),
            Jmp(0, 11),
            GGet(1, 2),
            TGetS(1, 1, 3),
            TGetS(1, 1, 4),
            KStr(2, 5),
            Mov(3, 0),
            KStr(4, 6),
            GGet(5, 1),
            KStr(6, 7),
            Call(1, 6, 1),
            Ret0(0, 0),
            GGet(1, 8),
            GGet(2, 10),
            TSetS(2, 1, 9),
            GGet(1, 12),
            GGet(2, 8),
            KStr(3, 11),
            Call(1, 3, 2),
            IsFC(0, 1),
            Jmp(0, -1),
            KPri(1, 1, 1),
            GSet(1, 11),
            GGet(1, 12),
            GGet(2, 8),
            KStr(3, 13),
            Call(1, 3, 2),
            IsFC(0, 1),
            Jmp(0, -1),
            KPri(1, 1, 1),
            GSet(1, 13),
            GGet(1, 12),
            GGet(2, 8),
            KStr(3, 14),
            Call(1, 3, 2),
            IsFC(0, 1),
            Jmp(0, -1),
            KPri(1, 1, 1),
            GSet(1, 14),
            GGet(1, 12),
            GGet(2, 8),
            KStr(3, 15),
            Call(1, 3, 2),
            IsF(1,),
            Jmp(0, 7),
            KPri(2, 2, 2),
            GSet(2, 11),
            KPri(2, 2, 2),
            GSet(2, 13),
            KPri(2, 2, 2),
            GSet(2, 14),
            KPri(2, 2, 0),
            GSet(2, 16),
            IsF(1,),
            Jmp(0, 4),
            KPri(2, 2, 0),
            GSet(2, 17),
            Jmp(0, 6),
            GGet(2, 12),
            GGet(3, 8),
            KStr(4, 17),
            Call(2, 3, 2),
            GSet(2, 17),
            GGet(2, 18),
            KStr(3, 19),
            Call(2, 2, 1),
            GGet(2, 20),
            TGetS(2, 2, 21),
            Call(2, 1, 2),
            KPri(3, 3, 0),
            GGet(4, 18),
            GGet(5, 22),
            TGetS(5, 5, 23),
            KStr(6, 24),
            Mov(7, 2),
            Mov(8, 3),
            Call(5, 4, 2),
            Call(4, 2, 1),
            GGet(2, 18),
            KStr(3, 25),
            GGet(4, 26),
            TGetS(4, 4, 27),
            KStr(5, 28),
            Cat(3, 3, 5),
            Call(2, 2, 1),
            GGet(2, 29),
            TGetS(2, 2, 30),
            Call(2, 1, 2),
            Mov(3, 2),
            GGet(4, 29),
            TGetS(4, 4, 31),
            Call(4, 1, 2),
            GGet(5, 32),
            TNew(6, 0),
            FNew(7, 0),
            GSet(7, 33),
            GGet(7, 34),
            GGet(8, 29),
            TGetS(8, 8, 35),
            KStr(9, 36),
            Call(8, 2, 2),
            Call(7, 2, 1),
            GGet(7, 17),
            GGet(8, 18),
            GGet(9, 22),
            TGetS(9, 9, 23),
            GGet(10, 2),
            TGetS(10, 10, 4),
            GGet(11, 34),
            GGet(12, 37),
            GGet(13, 38),
            TGetS(13, 13, 39),
            GGet(14, 20),
            TGetS(14, 14, 40),
            FNew(15, 1),
            KPri(16, 16, 1),
            KPri(17, 17, 1),
            IsT(7,),
            Jmp(0, 5),
            KShort(18, 0),
            FNew(17, 2),
            FNew(16, 3),
            Jmp(0, 3),
            FNew(17, 4),
            FNew(16, 5),
            Mov(18, 16),
            Call(18, 1, 2),
            FNew(19, 6),
            GGet(20, 41),
            FNew(21, 7),
            Mov(22, 21),
            KStr(23, 42),
            Call(22, 2, 1),
            GGet(22, 43),
            KStr(23, 44),
            Call(22, 2, 2),
            TGetS(22, 22, 45),
            Call(22, 1, 1),
            Mov(22, 19),
            KStr(23, 46),
            Call(22, 2, 1),
            Mov(22, 11),
            GGet(23, 47),
            KStr(24, 46),
            Call(23, 2, 2),
            Call(22, 2, 2),
            Mov(23, 22),
            Call(23, 1, 1),
            Mov(23, 21),
            KStr(24, 48),
            Call(23, 2, 1),
            Mov(23, 11),
            Mov(24, 21),
            KStr(25, 49),
            Call(24, 2, 2),
            GGet(25, 50),
            IsNeV(24, 25),
            Jmp(0, 3),
            GGet(24, 50),
            Jmp(0, 4),
            KPri(24, 24, 0),
            Jmp(0, 2),
            KPri(24, 24, 1),
            Call(23, 2, 1),
            GGet(23, 8),
            KPri(24, 24, 0),
            TSetS(24, 23, 50),
            Mov(23, 20),
            KStr(24, 51),
            Call(23, 2, 1),
            Mov(23, 20),
            KStr(24, 52),
            Call(23, 2, 1),
            Mov(23, 21),
            KStr(24, 53),
            Call(23, 2, 1),
            Mov(23, 11),
            Mov(24, 21),
            KStr(25, 54),
            Call(24, 2, 2),
            KShort(25, 27),
            IsEqV(24, 25),
            Jmp(0, 3),
            KPri(24, 24, 0),
            Jmp(0, 2),
            KPri(24, 24, 1),
            Call(23, 2, 1),
            Mov(23, 21),
            KStr(24, 55),
            Call(23, 2, 1),
            Mov(23, 11),
            Mov(24, 21),
            KStr(25, 56),
            Call(24, 2, 2),
            KShort(25, 5),
            IsEqV(24, 25),
            Jmp(0, 3),
            KPri(24, 24, 0),
            Jmp(0, 2),
            KPri(24, 24, 1),
            Call(23, 2, 1),
            Mov(23, 21),
            KStr(24, 57),
            Call(23, 2, 1),
            Mov(23, 21),
            KStr(24, 58),
            KPri(25, 25, 2),
            Call(23, 3, 1),
            GGet(23, 8),
            TGetS(23, 23, 11),
            IsT(23,),
            Jmp(0, 32),
            Mov(23, 19),
            KStr(24, 59),
            Call(23, 2, 1),
            GGet(23, 60),
            TGetS(23, 23, 61),
            Mov(24, 11),
            GGet(25, 47),
            KStr(26, 59),
            Call(25, 2, 2),
            Call(24, 2, 2),
            Call(23, 2, 2),
            Mov(24, 11),
            Mov(25, 23),
            Call(25, 1, 2),
            KStr(26, 62),
            IsEqV(25, 26),
            Jmp(0, 3),
            KPri(25, 25, 0),
            Jmp(0, 2),
            KPri(25, 25, 1),
            Call(24, 2, 1),
            Mov(24, 11),
            Mov(25, 23),
            Call(25, 1, 2),
            KStr(26, 63),
            IsEqV(25, 26),
            Jmp(0, 3),
            KPri(25, 25, 0),
            Jmp(0, 2),
            KPri(25, 25, 1),
            Call(24, 2, 1),
            Mov(23, 21),
            KStr(24, 64),
            Call(23, 2, 1),
            Mov(23, 21),
            KStr(24, 65),
            Call(23, 2, 1),
            Mov(23, 21),
            KStr(24, 66),
            Call(23, 2, 1),
            Mov(23, 21),
            KStr(24, 67),
            Call(23, 2, 1),
            Mov(23, 21),
            KStr(24, 68),
            Call(23, 2, 1),
            Mov(23, 11),
            Mov(24, 21),
            KStr(25, 69),
            Call(24, 2, 2),
            KShort(25, 12),
            IsEqV(24, 25),
            Jmp(0, 3),
            KPri(24, 24, 0),
            Jmp(0, 2),
            KPri(24, 24, 1),
            Call(23, 2, 1),
            Mov(23, 21),
            KStr(24, 70),
            Call(23, 2, 1),
            Mov(23, 21),
            KStr(24, 71),
            Call(23, 2, 1),
            Mov(23, 21),
            KStr(24, 72),
            Call(23, 2, 1),
            Mov(23, 21),
            KStr(24, 73),
            KPri(25, 25, 2),
            Call(23, 3, 1),
            Mov(23, 21),
            KStr(24, 74),
            Call(23, 2, 1),
            Mov(23, 21),
            KStr(24, 75),
            Call(23, 2, 1),
            Mov(23, 21),
            KStr(24, 76),
            KPri(25, 25, 2),
            Call(23, 3, 1),
            Mov(23, 21),
            KStr(24, 77),
            Call(23, 2, 1),
            Mov(23, 11),
            Mov(24, 21),
            KStr(25, 78),
            KPri(26, 26, 2),
            Call(24, 3, 2),
            KShort(25, 10),
            IsEqV(24, 25),
            Jmp(0, 3),
            KPri(24, 24, 0),
            Jmp(0, 2),
            KPri(24, 24, 1),
            Call(23, 2, 1),
            Mov(23, 5),
            Call(23, 1, 1),
            Mov(23, 21),
            KStr(24, 79),
            Call(23, 2, 1),
            Len(23, 6),
            KShort(24, 0),
            IsLe(23, 24),
            Jmp(0, 11),
            GGet(23, 38),
            TGetS(23, 23, 80),
            Mov(24, 6),
            KStr(25, 81),
            Call(23, 3, 2),
            GGet(24, 82),
            KStr(25, 83),
            Mov(26, 23),
            KStr(27, 84),
            Call(24, 4, 1),
            Mov(23, 8),
            KStr(24, 85),
            Call(23, 2, 1),
            GGet(23, 82),
            KStr(24, 86),
            Call(23, 2, 1),
            GGet(23, 82),
            KStr(24, 87),
            KStr(25, 88),
            KStr(26, 89),
            Call(23, 4, 1),
            GGet(23, 82),
            KStr(24, 90),
            Call(23, 2, 1),
            GGet(23, 82),
            KStr(24, 91),
            Call(23, 2, 1),
            GGet(23, 82),
            KStr(24, 92),
            Call(23, 2, 1),
            GGet(23, 82),
            KStr(24, 86),
            Call(23, 2, 1),
            GGet(23, 82),
            KStr(24, 93),
            KStr(25, 94),
            Call(23, 3, 1),
            Mov(23, 11),
            GGet(24, 16),
            KPri(25, 25, 0),
            IsEqV(24, 25),
            Jmp(0, 3),
            KPri(24, 24, 0),
            Jmp(0, 2),
            KPri(24, 24, 1),
            Call(23, 2, 1),
            GGet(23, 43),
            KStr(24, 16),
            Call(23, 2, 2),
            Mov(24, 8),
            GGet(25, 22),
            TGetS(25, 25, 23),
            KStr(26, 95),
            GGet(27, 22),
            TGetS(27, 27, 96),
            KStr(28, 97),
            Call(27, 2, 2),
            KShort(28, 8),
            MulVV(27, 27, 28),
            GGet(28, 22),
            TGetS(28, 28, 96),
            KStr(29, 98),
            Call(28, 2, 2),
            KShort(29, 8),
            MulVV(28, 28, 29),
            Call(25, 4, 2),
            Call(24, 2, 1),
            TGetS(24, 23, 99),
            FNew(25, 8),
            KStr(26, 100),
            Call(24, 3, 1),
            GGet(24, 8),
            TSetS(17, 24, 101),
            Mov(24, 11),
            Mov(25, 16),
            Call(25, 1, 2),
            IsEqV(18, 25),
            Jmp(0, 3),
            KPri(25, 25, 0),
            Jmp(0, 2),
            KPri(25, 25, 1),
            KStr(26, 102),
            Call(24, 3, 1),
            GGet(6, 8),
            GGet(7, 101),
            GGet(8, 18),
            GGet(9, 22),
            TGetS(9, 9, 23),
            GGet(10, 29),
            TGetS(10, 10, 30),
            GGet(11, 29),
            TGetS(11, 11, 31),
            GGet(12, 29),
            TGetS(12, 12, 103),
            GGet(13, 34),
            GGet(14, 2),
            TGetS(14, 14, 104),
            GGet(15, 82),
            GGet(16, 17),
            IsFC(0, 16),
            Jmp(0, -1),
            KStr(16, 105),
            KPri(17, 17, 1),
            IsT(1,),
            Jmp(0, 19),
            GGet(18, 2),
            TGetS(18, 18, 104),
            Mov(19, 16),
            Call(18, 2, 2),
            IsF(18,),
            Jmp(0, 12),
            Mov(19, 13),
            GGet(20, 106),
            TGetS(21, 18, 107),
            KStr(22, 63),
            Call(21, 2, 2),
            Call(20, 2, 2),
            Call(19, 2, 2),
            Mov(17, 19),
            TGetS(19, 18, 108),
            Call(19, 1, 1),
            Jmp(0, 2),
            KPri(17, 17, 0),
            Mov(18, 8),
            KStr(19, 109),
            Call(18, 2, 1),
            GGet(18, 110),
            Mov(19, 6),
            Call(18, 2, 2),
            KPri(19, 21, 1),
            IterC(22, 0, 0),
            IterL(22, -11),
            TNew(23, 0),
            KShort(24, 1),
            TSetS(24, 23, 111),
            KShort(24, 1),
            TSetS(24, 23, 112),
            TGetV(23, 23, 22),
            IsT(23,),
            Jmp(0, 3),
            GGet(23, 113),
            TSetV(23, 6, 22),
            Mov(18, 5),
            Call(18, 1, 1),
            Mov(18, 5),
            Call(18, 1, 1),
            Mov(18, 5),
            Call(18, 1, 1),
            Mov(18, 5),
            Call(18, 1, 1),
            Mov(18, 5),
            Call(18, 1, 1),
            Mov(18, 5),
            Call(18, 1, 1),
            Mov(18, 7),
            Call(18, 1, 1),
            Mov(18, 10),
            Call(18, 1, 2),
            SubVV(18, 18, 2),
            Mov(19, 12),
            Mov(20, 11),
            Call(20, 1, 2),
            Mov(21, 4),
            Call(19, 3, 2),
            Mov(4, 19),
            Mov(19, 8),
            Mov(20, 9),
            KStr(21, 114),
            Mov(22, 18),
            Mov(23, 4),
            Call(20, 4, 2),
            Call(19, 2, 1),
            IsT(1,),
            Jmp(0, 30),
            IsFC(0, 17),
            Jmp(0, -1),
            Mov(17, 18),
            SubVV(19, 18, 17),
            DivVV(19, 19, 17),
            KNum(20, 115),
            IsGe(19, 20),
            Jmp(0, 4),
            UNM(21, 20),
            IsGt(19, 21),
            Jmp(0, 8),
            Mov(21, 15),
            Mov(22, 9),
            KStr(23, 116),
            KShort(24, 100),
            MulVV(24, 19, 24),
            Call(22, 3, 2),
            Call(21, 2, 1),
            Mov(21, 13),
            Mov(22, 14),
            Mov(23, 16),
            KStr(24, 117),
            Call(22, 3, 2),
            Call(21, 2, 2),
            TGetS(21, 21, 4),
            Mov(22, 18),
            Call(21, 2, 2),
            TGetS(21, 21, 108),
            Call(21, 1, 1),
            Mov(19, 8),
            KStr(20, 118),
            Call(19, 2, 1),
        ],
        constants: [
            String("Lua 5.4"),
            String("_VERSION"),
            String("io"),
            String("stderr"),
            String("write"),
            String("This test suite is for "),
            String(", not for "),
            String("\nExiting tests"),
            String("_G"),
            String("ARG"),
            String("arg"),
            String("_soft"),
            String("rawget"),
            String("_port"),
            String("_nomsg"),
            String("_U"),
            String("debug"),
            String("T"),
            String("print"),
            String("\n\tStarting Tests"),
            String("math"),
            String("randomseed"),
            String("string"),
            String("format"),
            String("random seeds: %d, %d"),
            String("current path:\n****"),
            String("package"),
            String("path"),
            String("****\n"),
            String("os"),
            String("clock"),
            String("time"),
            String("collectgarbage"),
            String("Message"),
            String("assert"),
            String("setlocale"),
            String("C"),
            String("type"),
            String("table"),
            String("unpack"),
            String("floor"),
            String("dofile"),
            String("main.lua"),
            String("require"),
            String("tracegc"),
            String("start"),
            String("gc.lua"),
            String("loadfile"),
            String("db.lua"),
            String("calls.lua"),
            String("deep"),
            String("strings.lua"),
            String("literals.lua"),
            String("tpack.lua"),
            String("attrib.lua"),
            String("gengc.lua"),
            String("locals.lua"),
            String("constructs.lua"),
            String("code.lua"),
            String("big.lua"),
            String("coroutine"),
            String("wrap"),
            String("b"),
            String("a"),
            String("cstack.lua"),
            String("nextvar.lua"),
            String("pm.lua"),
            String("utf8.lua"),
            String("api.lua"),
            String("events.lua"),
            String("vararg.lua"),
            String("closure.lua"),
            String("coroutine.lua"),
            String("goto.lua"),
            String("errors.lua"),
            String("math.lua"),
            String("sort.lua"),
            String("bitwise.lua"),
            String("verybig.lua"),
            String("files.lua"),
            String("concat"),
            String("\n  "),
            String("warn"),
            String("#tests not performed:\n  "),
            String("\n"),
            String("(there should be two warnings now)"),
            String("@on"),
            String("#This is "),
            String("an expected"),
            String(" warning"),
            String("@off"),
            String("******** THIS WARNING SHOULD NOT APPEAR **********"),
            String("******** THIS WARNING ALSO SHOULD NOT APPEAR **********"),
            String("#This is"),
            String(" another one"),
            String("%d-bit integers, %d-bit floats"),
            String("packsize"),
            String("j"),
            String("n"),
            String("sethook"),
            String("cr"),
            String("showmem"),
            String("should be at the same C-stack level it was when started the tests"),
            String("difftime"),
            String("open"),
            String("time-debug.txt"),
            String("tonumber"),
            String("read"),
            String("close"),
            String("cleaning all!!!!"),
            String("pairs"),
            String("___Glob"),
            String("tostring"),
            String("undef"),
            String("\n\ntotal time: %.2fs (wall time: %gs)\n"),
            Float(0.05),
            String("#time difference from previous test: %+.1f%%"),
            String("w"),
            String("final OK !!!"),
        ],
        protos: [
            Proto {
                num_params: 1,
                is_vararg: false,
                num_upvalues: 0,
                max_stack_size: 7,
                bytecode: [
                    GGet(1, 0),
                    IsT(1,),
                    Jmp(0, 16),
                    GGet(1, 1),
                    Mov(2, 0),
                    Call(1, 2, 1),
                    GGet(1, 2),
                    Len(1, 1),
                    KShort(2, 1),
                    AddVV(2, 1, 2),
                    GGet(1, 2),
                    GGet(3, 3),
                    TGetS(3, 3, 4),
                    Mov(4, 0),
                    KShort(5, 3),
                    KShort(6, -3),
                    Call(3, 4, 2),
                    TSetV(3, 1, 2),
                ],
                constants: [
                    String("_nomsg"),
                    String("print"),
                    String("msgs"),
                    String("string"),
                    String("sub"),
                ],
                protos: [],
            },
            Proto {
                num_params: 1,
                is_vararg: false,
                num_upvalues: 0,
                max_stack_size: 4,
                bytecode: [
                    FNew(1, 0),
                    KShort(2, 1000),
                    IsGe(0, 2),
                    Jmp(0, 4),
                    Mov(2, 0),
                    Ret1(2, 1),
                    Jmp(0, -1),
                    KShort(2, 1000),
                    DivVV(0, 0, 2),
                    KShort(2, 1000),
                    IsGe(0, 2),
                    Jmp(0, 8),
                    Mov(2, 1),
                    Mov(3, 0),
                    Call(2, 2, 2),
                    KStr(3, 0),
                    Cat(2, 2, 3),
                    Ret1(2, 1),
                    Jmp(0, -1),
                    Mov(2, 1),
                    KShort(3, 1000),
                    DivVV(3, 0, 3),
                    Call(2, 2, 2),
                    KStr(3, 1),
                    Cat(2, 2, 3),
                    Ret1(2, 1),
                ],
                constants: [
                    String("K"),
                    String("M"),
                ],
                protos: [
                    Proto {
                        num_params: 1,
                        is_vararg: false,
                        num_upvalues: 0,
                        max_stack_size: 4,
                        bytecode: [
                            KNum(1, 0),
                            AddVV(0, 0, 1),
                            GGet(1, 1),
                            KStr(2, 2),
                            Mov(3, 0),
                            Call(1, 3, 2),
                            Ret1(1, 1),
                        ],
                        constants: [
                            Float(0.04999),
                            String("format"),
                            String("%.1f"),
                        ],
                        protos: [],
                    },
                ],
            },
            Proto {
                num_params: 0,
                is_vararg: false,
                num_upvalues: 0,
                max_stack_size: 7,
                bytecode: [
                    GGet(0, 0),
                    KStr(1, 1),
                    Call(0, 2, 2),
                    KShort(1, 1024),
                    MulVV(0, 0, 1),
                    GGet(1, 2),
                    IsLe(0, 1),
                    Jmp(0, 3),
                    IsFC(0, 0),
                    Jmp(0, -1),
                    GGet(1, 2),
                    GSet(1, 2),
                    GGet(1, 3),
                    GGet(2, 4),
                    KStr(3, 5),
                    GGet(4, 6),
                    Mov(5, 0),
                    Call(4, 2, 2),
                    GGet(5, 6),
                    GGet(6, 2),
                    Call(5, 2, 2),
                    Call(2, 4, 2),
                    Call(1, 2, 1),
                ],
                constants: [
                    String("collectgarbage"),
                    String("count"),
                    String("max"),
                    String("print"),
                    String("format"),
                    String("    ---- total memory: %s, max memory: %s ----\n"),
                    String("F"),
                ],
                protos: [],
            },
            Proto {
                num_params: 0,
                is_vararg: false,
                num_upvalues: 0,
                max_stack_size: 1,
                bytecode: [
                    KShort(0, 0),
                    Ret1(0, 1),
                ],
                constants: [],
                protos: [],
            },
            Proto {
                num_params: 0,
                is_vararg: false,
                num_upvalues: 0,
                max_stack_size: 13,
                bytecode: [
                    GGet(0, 0),
                    TGetS(0, 0, 1),
                    Call(0, 1, 1),
                    GGet(0, 0),
                    TGetS(0, 0, 2),
                    Call(0, 1, 2),
                    KPri(1, 1, 0),
                    KPri(2, 2, 0),
                    GGet(3, 3),
                    KStr(4, 4),
                    Call(3, 2, 2),
                    GGet(4, 5),
                    GGet(5, 6),
                    KStr(6, 7),
                    GGet(7, 8),
                    Mov(8, 0),
                    Call(7, 2, 2),
                    Mov(8, 3),
                    GGet(9, 8),
                    Mov(10, 2),
                    Call(9, 2, 2),
                    Mov(10, 1),
                    Call(5, 6, 2),
                    Call(4, 2, 1),
                    GGet(4, 5),
                    GGet(5, 6),
                    KStr(6, 9),
                    KStr(7, 10),
                    Cat(6, 6, 7),
                    GGet(7, 0),
                    TGetS(7, 7, 2),
                    KStr(8, 11),
                    Call(7, 2, 2),
                    GGet(8, 0),
                    TGetS(8, 8, 2),
                    KStr(9, 12),
                    Call(8, 2, 2),
                    GGet(9, 0),
                    TGetS(9, 9, 2),
                    KStr(10, 13),
                    Call(9, 2, 2),
                    GGet(10, 0),
                    TGetS(10, 10, 2),
                    KStr(11, 14),
                    Call(10, 2, 2),
                    GGet(11, 0),
                    TGetS(11, 11, 2),
                    KStr(12, 15),
                    Call(11, 2, 2),
                    Call(5, 7, 2),
                    Call(4, 2, 1),
                ],
                constants: [
                    String("T"),
                    String("checkmemory"),
                    String("totalmem"),
                    String("collectgarbage"),
                    String("count"),
                    String("print"),
                    String("format"),
                    String("\n    ---- total memory: %s (%.0fK), max use: %s,  blocks: %d\n"),
                    String("F"),
                    String("\t(strings:  %d, tables: %d, functions: %d, "),
                    String("\n\tudata: %d, threads: %d)"),
                    String("string"),
                    String("table"),
                    String("function"),
                    String("userdata"),
                    String("thread"),
                ],
                protos: [],
            },
            Proto {
                num_params: 0,
                is_vararg: false,
                num_upvalues: 0,
                max_stack_size: 4,
                bytecode: [
                    GGet(0, 0),
                    TGetS(0, 0, 1),
                    Call(0, 1, 2),
                    KPri(1, 1, 0),
                    KPri(2, 2, 0),
                    Mov(3, 2),
                    Ret1(3, 1),
                ],
                constants: [
                    String("T"),
                    String("stacklevel"),
                ],
                protos: [],
            },
            Proto {
                num_params: 1,
                is_vararg: false,
                num_upvalues: 0,
                max_stack_size: 5,
                bytecode: [
                    GGet(1, 0),
                    KStr(2, 1),
                    Mov(3, 0),
                    KStr(4, 2),
                    Cat(2, 2, 4),
                    Call(1, 2, 1),
                ],
                constants: [
                    String("print"),
                    String("\n***** FILE '"),
                    String("'*****"),
                ],
                protos: [],
            },
            Proto {
                num_params: 2,
                is_vararg: false,
                num_upvalues: 0,
                max_stack_size: 8,
                bytecode: [
                    GGet(2, 0),
                    Call(2, 1, 1),
                    GGet(2, 1),
                    TGetS(2, 2, 2),
                    Call(2, 1, 2),
                    GGet(3, 3),
                    GGet(4, 4),
                    TGetS(4, 4, 5),
                    KStr(5, 6),
                    GGet(6, 7),
                    SubVV(6, 2, 6),
                    GGet(7, 8),
                    SubVV(7, 2, 7),
                    Call(4, 4, 2),
                    Call(3, 2, 1),
                    GSet(2, 8),
                    GGet(3, 9),
                    Mov(4, 0),
                    Call(3, 2, 1),
                    GGet(3, 10),
                    GGet(4, 11),
                    Mov(5, 0),
                    Call(4, 2, 2),
                    Call(3, 2, 2),
                    GGet(4, 4),
                    TGetS(4, 4, 12),
                    Mov(5, 3),
                    Mov(6, 1),
                    Call(4, 3, 2),
                    GGet(5, 10),
                    GGet(6, 13),
                    Mov(7, 4),
                    Call(6, 2, 2),
                    Call(5, 2, 2),
                    Mov(3, 5),
                    Mov(5, 3),
                    Call(5, 1, 2),
                    Ret1(5, 1),
                ],
                constants: [
                    String("showmem"),
                    String("os"),
                    String("clock"),
                    String("print"),
                    String("string"),
                    String("format"),
                    String("time: %g (+%g)"),
                    String("initclock"),
                    String("lastclock"),
                    String("report"),
                    String("assert"),
                    String("loadfile"),
                    String("dump"),
                    String("load"),
                ],
                protos: [],
            },
            Proto {
                num_params: 1,
                is_vararg: false,
                num_upvalues: 0,
                max_stack_size: 4,
                bytecode: [
                    GGet(1, 0),
                    GGet(2, 1),
                    Mov(3, 0),
                    Call(2, 2, 2),
                    KStr(3, 2),
                    IsEqV(2, 3),
                    Jmp(0, 3),
                    KPri(2, 2, 0),
                    Jmp(0, 2),
                    KPri(2, 2, 1),
                    Call(1, 2, 1),
                ],
                constants: [
                    String("assert"),
                    String("type"),
                    String("string"),
                ],
                protos: [],
            },
        ],
    },
}
